// Jest Snapshot v1, https://goo.gl/fbAQLP

exports[`testJWT mapper test codeToHSM 1`] = `Promise {}`;
